iter
iter 0
iter 1
iter 2
iter 3
iter 4
iter 5
iter 6
iter 7
iter 8
iter 9
